  Crafting.cpp
C:\Users\matib\source\repos\GITHUB\Programowanie\Vendos\Vendos\ThrowedItem.h(38,45): warning C4244: "inicjowanie": konwersja z "double" do "const float", możliwa utrata danych
  (kompilowanie pliku źródłowego „Crafting.cpp”)
  
C:\Users\matib\source\repos\GITHUB\Programowanie\Vendos\Vendos\ThrowedItem.h(39,45): warning C4244: "inicjowanie": konwersja z "double" do "const float", możliwa utrata danych
  (kompilowanie pliku źródłowego „Crafting.cpp”)
  
C:\Users\matib\source\repos\GITHUB\Programowanie\Vendos\Vendos\Crafting.cpp(117,13): warning C4267: "inicjowanie": konwersja z "size_t" do "int", możliwa utrata danych
  Entity.cpp
C:\Users\matib\source\repos\GITHUB\Programowanie\Vendos\Vendos\ThrowedItem.h(38,45): warning C4244: "inicjowanie": konwersja z "double" do "const float", możliwa utrata danych
  (kompilowanie pliku źródłowego „Entity.cpp”)
  
C:\Users\matib\source\repos\GITHUB\Programowanie\Vendos\Vendos\ThrowedItem.h(39,45): warning C4244: "inicjowanie": konwersja z "double" do "const float", możliwa utrata danych
  (kompilowanie pliku źródłowego „Entity.cpp”)
  
C:\Users\matib\source\repos\GITHUB\Programowanie\Vendos\Vendos\Entity.cpp(38,163): warning C4244: "argument": konwersja z "T" do "float", możliwa utrata danych
C:\Users\matib\source\repos\GITHUB\Programowanie\Vendos\Vendos\Entity.cpp(38,163): warning C4244:         with
C:\Users\matib\source\repos\GITHUB\Programowanie\Vendos\Vendos\Entity.cpp(38,163): warning C4244:         [
C:\Users\matib\source\repos\GITHUB\Programowanie\Vendos\Vendos\Entity.cpp(38,163): warning C4244:             T=int
C:\Users\matib\source\repos\GITHUB\Programowanie\Vendos\Vendos\Entity.cpp(38,163): warning C4244:         ]
C:\Users\matib\source\repos\GITHUB\Programowanie\Vendos\Vendos\Entity.cpp(38,102): warning C4244: "argument": konwersja z "T" do "float", możliwa utrata danych
C:\Users\matib\source\repos\GITHUB\Programowanie\Vendos\Vendos\Entity.cpp(38,102): warning C4244:         with
C:\Users\matib\source\repos\GITHUB\Programowanie\Vendos\Vendos\Entity.cpp(38,102): warning C4244:         [
C:\Users\matib\source\repos\GITHUB\Programowanie\Vendos\Vendos\Entity.cpp(38,102): warning C4244:             T=int
C:\Users\matib\source\repos\GITHUB\Programowanie\Vendos\Vendos\Entity.cpp(38,102): warning C4244:         ]
C:\Users\matib\source\repos\GITHUB\Programowanie\Vendos\Vendos\Entity.cpp(110,218): warning C4244: "argument": konwersja z "T" do "T", możliwa utrata danych
C:\Users\matib\source\repos\GITHUB\Programowanie\Vendos\Vendos\Entity.cpp(110,218): warning C4244:         with
C:\Users\matib\source\repos\GITHUB\Programowanie\Vendos\Vendos\Entity.cpp(110,218): warning C4244:         [
C:\Users\matib\source\repos\GITHUB\Programowanie\Vendos\Vendos\Entity.cpp(110,218): warning C4244:             T=int
C:\Users\matib\source\repos\GITHUB\Programowanie\Vendos\Vendos\Entity.cpp(110,218): warning C4244:         ]
C:\Users\matib\source\repos\GITHUB\Programowanie\Vendos\Vendos\Entity.cpp(110,218): warning C4244:         and
C:\Users\matib\source\repos\GITHUB\Programowanie\Vendos\Vendos\Entity.cpp(110,218): warning C4244:         [
C:\Users\matib\source\repos\GITHUB\Programowanie\Vendos\Vendos\Entity.cpp(110,218): warning C4244:             T=float
C:\Users\matib\source\repos\GITHUB\Programowanie\Vendos\Vendos\Entity.cpp(110,218): warning C4244:         ]
C:\Users\matib\source\repos\GITHUB\Programowanie\Vendos\Vendos\Entity.cpp(110,194): warning C4244: "argument": konwersja z "T" do "T", możliwa utrata danych
C:\Users\matib\source\repos\GITHUB\Programowanie\Vendos\Vendos\Entity.cpp(110,194): warning C4244:         with
C:\Users\matib\source\repos\GITHUB\Programowanie\Vendos\Vendos\Entity.cpp(110,194): warning C4244:         [
C:\Users\matib\source\repos\GITHUB\Programowanie\Vendos\Vendos\Entity.cpp(110,194): warning C4244:             T=int
C:\Users\matib\source\repos\GITHUB\Programowanie\Vendos\Vendos\Entity.cpp(110,194): warning C4244:         ]
C:\Users\matib\source\repos\GITHUB\Programowanie\Vendos\Vendos\Entity.cpp(110,194): warning C4244:         and
C:\Users\matib\source\repos\GITHUB\Programowanie\Vendos\Vendos\Entity.cpp(110,194): warning C4244:         [
C:\Users\matib\source\repos\GITHUB\Programowanie\Vendos\Vendos\Entity.cpp(110,194): warning C4244:             T=float
C:\Users\matib\source\repos\GITHUB\Programowanie\Vendos\Vendos\Entity.cpp(110,194): warning C4244:         ]
  EntityPlayer.cpp
C:\Users\matib\source\repos\GITHUB\Programowanie\Vendos\Vendos\ThrowedItem.h(38,45): warning C4244: "inicjowanie": konwersja z "double" do "const float", możliwa utrata danych
  (kompilowanie pliku źródłowego „EntityPlayer.cpp”)
  
C:\Users\matib\source\repos\GITHUB\Programowanie\Vendos\Vendos\ThrowedItem.h(39,45): warning C4244: "inicjowanie": konwersja z "double" do "const float", możliwa utrata danych
  (kompilowanie pliku źródłowego „EntityPlayer.cpp”)
  
C:\Users\matib\source\repos\GITHUB\Programowanie\Vendos\Vendos\EntityPlayer.cpp(45,15): warning C4244: "inicjowanie": konwersja z "float" do "int", możliwa utrata danych
C:\Users\matib\source\repos\GITHUB\Programowanie\Vendos\Vendos\EntityPlayer.cpp(47,23): warning C4244: "inicjowanie": konwersja z "int" do "float", możliwa utrata danych
C:\Users\matib\source\repos\GITHUB\Programowanie\Vendos\Vendos\EntityPlayer.cpp(56,22): warning C4244: "inicjowanie": konwersja z "float" do "int", możliwa utrata danych
C:\Users\matib\source\repos\GITHUB\Programowanie\Vendos\Vendos\EntityPlayer.cpp(67,21): warning C4244: "argument": konwersja z "T" do "T", możliwa utrata danych
C:\Users\matib\source\repos\GITHUB\Programowanie\Vendos\Vendos\EntityPlayer.cpp(67,21): warning C4244:         with
C:\Users\matib\source\repos\GITHUB\Programowanie\Vendos\Vendos\EntityPlayer.cpp(67,21): warning C4244:         [
C:\Users\matib\source\repos\GITHUB\Programowanie\Vendos\Vendos\EntityPlayer.cpp(67,21): warning C4244:             T=float
C:\Users\matib\source\repos\GITHUB\Programowanie\Vendos\Vendos\EntityPlayer.cpp(67,21): warning C4244:         ]
C:\Users\matib\source\repos\GITHUB\Programowanie\Vendos\Vendos\EntityPlayer.cpp(67,21): warning C4244:         and
C:\Users\matib\source\repos\GITHUB\Programowanie\Vendos\Vendos\EntityPlayer.cpp(67,21): warning C4244:         [
C:\Users\matib\source\repos\GITHUB\Programowanie\Vendos\Vendos\EntityPlayer.cpp(67,21): warning C4244:             T=int
C:\Users\matib\source\repos\GITHUB\Programowanie\Vendos\Vendos\EntityPlayer.cpp(67,21): warning C4244:         ]
C:\Users\matib\source\repos\GITHUB\Programowanie\Vendos\Vendos\EntityPlayer.cpp(66,21): warning C4244: "argument": konwersja z "T" do "T", możliwa utrata danych
C:\Users\matib\source\repos\GITHUB\Programowanie\Vendos\Vendos\EntityPlayer.cpp(66,21): warning C4244:         with
C:\Users\matib\source\repos\GITHUB\Programowanie\Vendos\Vendos\EntityPlayer.cpp(66,21): warning C4244:         [
C:\Users\matib\source\repos\GITHUB\Programowanie\Vendos\Vendos\EntityPlayer.cpp(66,21): warning C4244:             T=float
C:\Users\matib\source\repos\GITHUB\Programowanie\Vendos\Vendos\EntityPlayer.cpp(66,21): warning C4244:         ]
C:\Users\matib\source\repos\GITHUB\Programowanie\Vendos\Vendos\EntityPlayer.cpp(66,21): warning C4244:         and
C:\Users\matib\source\repos\GITHUB\Programowanie\Vendos\Vendos\EntityPlayer.cpp(66,21): warning C4244:         [
C:\Users\matib\source\repos\GITHUB\Programowanie\Vendos\Vendos\EntityPlayer.cpp(66,21): warning C4244:             T=int
C:\Users\matib\source\repos\GITHUB\Programowanie\Vendos\Vendos\EntityPlayer.cpp(66,21): warning C4244:         ]
C:\Users\matib\source\repos\GITHUB\Programowanie\Vendos\Vendos\EntityPlayer.cpp(65,27): warning C4244: "argument": konwersja z "T" do "T", możliwa utrata danych
C:\Users\matib\source\repos\GITHUB\Programowanie\Vendos\Vendos\EntityPlayer.cpp(65,27): warning C4244:         with
C:\Users\matib\source\repos\GITHUB\Programowanie\Vendos\Vendos\EntityPlayer.cpp(65,27): warning C4244:         [
C:\Users\matib\source\repos\GITHUB\Programowanie\Vendos\Vendos\EntityPlayer.cpp(65,27): warning C4244:             T=float
C:\Users\matib\source\repos\GITHUB\Programowanie\Vendos\Vendos\EntityPlayer.cpp(65,27): warning C4244:         ]
C:\Users\matib\source\repos\GITHUB\Programowanie\Vendos\Vendos\EntityPlayer.cpp(65,27): warning C4244:         and
C:\Users\matib\source\repos\GITHUB\Programowanie\Vendos\Vendos\EntityPlayer.cpp(65,27): warning C4244:         [
C:\Users\matib\source\repos\GITHUB\Programowanie\Vendos\Vendos\EntityPlayer.cpp(65,27): warning C4244:             T=int
C:\Users\matib\source\repos\GITHUB\Programowanie\Vendos\Vendos\EntityPlayer.cpp(65,27): warning C4244:         ]
C:\Users\matib\source\repos\GITHUB\Programowanie\Vendos\Vendos\EntityPlayer.cpp(64,28): warning C4244: "argument": konwersja z "T" do "T", możliwa utrata danych
C:\Users\matib\source\repos\GITHUB\Programowanie\Vendos\Vendos\EntityPlayer.cpp(64,28): warning C4244:         with
C:\Users\matib\source\repos\GITHUB\Programowanie\Vendos\Vendos\EntityPlayer.cpp(64,28): warning C4244:         [
C:\Users\matib\source\repos\GITHUB\Programowanie\Vendos\Vendos\EntityPlayer.cpp(64,28): warning C4244:             T=float
C:\Users\matib\source\repos\GITHUB\Programowanie\Vendos\Vendos\EntityPlayer.cpp(64,28): warning C4244:         ]
C:\Users\matib\source\repos\GITHUB\Programowanie\Vendos\Vendos\EntityPlayer.cpp(64,28): warning C4244:         and
C:\Users\matib\source\repos\GITHUB\Programowanie\Vendos\Vendos\EntityPlayer.cpp(64,28): warning C4244:         [
C:\Users\matib\source\repos\GITHUB\Programowanie\Vendos\Vendos\EntityPlayer.cpp(64,28): warning C4244:             T=int
C:\Users\matib\source\repos\GITHUB\Programowanie\Vendos\Vendos\EntityPlayer.cpp(64,28): warning C4244:         ]
  Equipment.cpp
C:\Users\matib\source\repos\GITHUB\Programowanie\Vendos\Vendos\ThrowedItem.h(38,45): warning C4244: "inicjowanie": konwersja z "double" do "const float", możliwa utrata danych
  (kompilowanie pliku źródłowego „Equipment.cpp”)
  
C:\Users\matib\source\repos\GITHUB\Programowanie\Vendos\Vendos\ThrowedItem.h(39,45): warning C4244: "inicjowanie": konwersja z "double" do "const float", możliwa utrata danych
  (kompilowanie pliku źródłowego „Equipment.cpp”)
  
  EquipmentAreas.cpp
C:\Users\matib\source\repos\GITHUB\Programowanie\Vendos\Vendos\ThrowedItem.h(38,45): warning C4244: "inicjowanie": konwersja z "double" do "const float", możliwa utrata danych
  (kompilowanie pliku źródłowego „EquipmentAreas.cpp”)
  
C:\Users\matib\source\repos\GITHUB\Programowanie\Vendos\Vendos\ThrowedItem.h(39,45): warning C4244: "inicjowanie": konwersja z "double" do "const float", możliwa utrata danych
  (kompilowanie pliku źródłowego „EquipmentAreas.cpp”)
  
C:\Users\matib\source\repos\GITHUB\Programowanie\Vendos\Vendos\EquipmentAreas.cpp(100,47): warning C4267: "=": konwersja z "size_t" do "int", możliwa utrata danych
C:\Users\matib\source\repos\GITHUB\Programowanie\Vendos\Vendos\EquipmentAreas.cpp(335,43): warning C4267: "=": konwersja z "size_t" do "T", możliwa utrata danych
C:\Users\matib\source\repos\GITHUB\Programowanie\Vendos\Vendos\EquipmentAreas.cpp(335,43): warning C4267:         with
C:\Users\matib\source\repos\GITHUB\Programowanie\Vendos\Vendos\EquipmentAreas.cpp(335,43): warning C4267:         [
C:\Users\matib\source\repos\GITHUB\Programowanie\Vendos\Vendos\EquipmentAreas.cpp(335,43): warning C4267:             T=int
C:\Users\matib\source\repos\GITHUB\Programowanie\Vendos\Vendos\EquipmentAreas.cpp(335,43): warning C4267:         ]
C:\Users\matib\source\repos\GITHUB\Programowanie\Vendos\Vendos\EquipmentAreas.cpp(336,49): warning C4267: "=": konwersja z "size_t" do "T", możliwa utrata danych
C:\Users\matib\source\repos\GITHUB\Programowanie\Vendos\Vendos\EquipmentAreas.cpp(336,49): warning C4267:         with
C:\Users\matib\source\repos\GITHUB\Programowanie\Vendos\Vendos\EquipmentAreas.cpp(336,49): warning C4267:         [
C:\Users\matib\source\repos\GITHUB\Programowanie\Vendos\Vendos\EquipmentAreas.cpp(336,49): warning C4267:             T=int
C:\Users\matib\source\repos\GITHUB\Programowanie\Vendos\Vendos\EquipmentAreas.cpp(336,49): warning C4267:         ]
  EquipmentAreasMenagement.cpp
C:\Users\matib\source\repos\GITHUB\Programowanie\Vendos\Vendos\EquipmentAreasMenagement.cpp(46,28): warning C4267: "=": konwersja z "size_t" do "int", możliwa utrata danych
C:\Users\matib\source\repos\GITHUB\Programowanie\Vendos\Vendos\EquipmentAreasMenagement.cpp(47,25): warning C4267: "=": konwersja z "size_t" do "int", możliwa utrata danych
C:\Users\matib\source\repos\GITHUB\Programowanie\Vendos\Vendos\EquipmentAreasMenagement.cpp(70,28): warning C4267: "=": konwersja z "size_t" do "int", możliwa utrata danych
C:\Users\matib\source\repos\GITHUB\Programowanie\Vendos\Vendos\EquipmentAreasMenagement.cpp(71,25): warning C4267: "=": konwersja z "size_t" do "int", możliwa utrata danych
  EquipmentStorageArea.cpp
  EquipmentStorageAreaMenagement.cpp
  Game.cpp
C:\Users\matib\source\repos\GITHUB\Programowanie\Vendos\Vendos\ThrowedItem.h(38,45): warning C4244: "inicjowanie": konwersja z "double" do "const float", możliwa utrata danych
  (kompilowanie pliku źródłowego „Game.cpp”)
  
C:\Users\matib\source\repos\GITHUB\Programowanie\Vendos\Vendos\ThrowedItem.h(39,45): warning C4244: "inicjowanie": konwersja z "double" do "const float", możliwa utrata danych
  (kompilowanie pliku źródłowego „Game.cpp”)
  
  HoveringWithMouse.cpp
C:\Users\matib\source\repos\GITHUB\Programowanie\Vendos\Vendos\HoveringWithMouse.cpp(53,43): warning C4244: "argument": konwersja z "int" do "float", możliwa utrata danych
C:\Users\matib\source\repos\GITHUB\Programowanie\Vendos\Vendos\HoveringWithMouse.cpp(52,43): warning C4244: "argument": konwersja z "int" do "float", możliwa utrata danych
  ItemConstructor.cpp
  Main.cpp
C:\Users\matib\source\repos\GITHUB\Programowanie\Vendos\Vendos\ThrowedItem.h(38,45): warning C4244: "inicjowanie": konwersja z "double" do "const float", możliwa utrata danych
  (kompilowanie pliku źródłowego „Main.cpp”)
  
C:\Users\matib\source\repos\GITHUB\Programowanie\Vendos\Vendos\ThrowedItem.h(39,45): warning C4244: "inicjowanie": konwersja z "double" do "const float", możliwa utrata danych
  (kompilowanie pliku źródłowego „Main.cpp”)
  
  State.cpp
C:\Users\matib\source\repos\GITHUB\Programowanie\Vendos\Vendos\ThrowedItem.h(38,45): warning C4244: "inicjowanie": konwersja z "double" do "const float", możliwa utrata danych
  (kompilowanie pliku źródłowego „State.cpp”)
  
C:\Users\matib\source\repos\GITHUB\Programowanie\Vendos\Vendos\ThrowedItem.h(39,45): warning C4244: "inicjowanie": konwersja z "double" do "const float", możliwa utrata danych
  (kompilowanie pliku źródłowego „State.cpp”)
  
C:\Users\matib\source\repos\GITHUB\Programowanie\Vendos\Vendos\State.cpp(103,8): warning C4244: "inicjowanie": konwersja z "T" do "int", możliwa utrata danych
C:\Users\matib\source\repos\GITHUB\Programowanie\Vendos\Vendos\State.cpp(103,8): warning C4244:         with
C:\Users\matib\source\repos\GITHUB\Programowanie\Vendos\Vendos\State.cpp(103,8): warning C4244:         [
C:\Users\matib\source\repos\GITHUB\Programowanie\Vendos\Vendos\State.cpp(103,8): warning C4244:             T=float
C:\Users\matib\source\repos\GITHUB\Programowanie\Vendos\Vendos\State.cpp(103,8): warning C4244:         ]
C:\Users\matib\source\repos\GITHUB\Programowanie\Vendos\Vendos\State.cpp(106,8): warning C4244: "inicjowanie": konwersja z "T" do "int", możliwa utrata danych
C:\Users\matib\source\repos\GITHUB\Programowanie\Vendos\Vendos\State.cpp(106,8): warning C4244:         with
C:\Users\matib\source\repos\GITHUB\Programowanie\Vendos\Vendos\State.cpp(106,8): warning C4244:         [
C:\Users\matib\source\repos\GITHUB\Programowanie\Vendos\Vendos\State.cpp(106,8): warning C4244:             T=float
C:\Users\matib\source\repos\GITHUB\Programowanie\Vendos\Vendos\State.cpp(106,8): warning C4244:         ]
  StateMenu.cpp
C:\Users\matib\source\repos\GITHUB\Programowanie\Vendos\Vendos\ThrowedItem.h(38,45): warning C4244: "inicjowanie": konwersja z "double" do "const float", możliwa utrata danych
  (kompilowanie pliku źródłowego „StateMenu.cpp”)
  
C:\Users\matib\source\repos\GITHUB\Programowanie\Vendos\Vendos\ThrowedItem.h(39,45): warning C4244: "inicjowanie": konwersja z "double" do "const float", możliwa utrata danych
  (kompilowanie pliku źródłowego „StateMenu.cpp”)
  
  StateSpawnPlace.cpp
C:\Users\matib\source\repos\GITHUB\Programowanie\Vendos\Vendos\ThrowedItem.h(38,45): warning C4244: "inicjowanie": konwersja z "double" do "const float", możliwa utrata danych
  (kompilowanie pliku źródłowego „StateSpawnPlace.cpp”)
  
C:\Users\matib\source\repos\GITHUB\Programowanie\Vendos\Vendos\ThrowedItem.h(39,45): warning C4244: "inicjowanie": konwersja z "double" do "const float", możliwa utrata danych
  (kompilowanie pliku źródłowego „StateSpawnPlace.cpp”)
  
  ThrowedItem.cpp
C:\Users\matib\source\repos\GITHUB\Programowanie\Vendos\Vendos\ThrowedItem.h(38,45): warning C4244: "inicjowanie": konwersja z "double" do "const float", możliwa utrata danych
  (kompilowanie pliku źródłowego „ThrowedItem.cpp”)
  
C:\Users\matib\source\repos\GITHUB\Programowanie\Vendos\Vendos\ThrowedItem.h(39,45): warning C4244: "inicjowanie": konwersja z "double" do "const float", możliwa utrata danych
  (kompilowanie pliku źródłowego „ThrowedItem.cpp”)
  
C:\Users\matib\source\repos\GITHUB\Programowanie\Vendos\Vendos\ThrowedItem.cpp(63,92): warning C4244: "argument": konwersja z "float" do "_Ty", możliwa utrata danych
C:\Users\matib\source\repos\GITHUB\Programowanie\Vendos\Vendos\ThrowedItem.cpp(63,92): warning C4244:         with
C:\Users\matib\source\repos\GITHUB\Programowanie\Vendos\Vendos\ThrowedItem.cpp(63,92): warning C4244:         [
C:\Users\matib\source\repos\GITHUB\Programowanie\Vendos\Vendos\ThrowedItem.cpp(63,92): warning C4244:             _Ty=int
C:\Users\matib\source\repos\GITHUB\Programowanie\Vendos\Vendos\ThrowedItem.cpp(63,92): warning C4244:         ]
C:\Users\matib\source\repos\GITHUB\Programowanie\Vendos\Vendos\ThrowedItem.cpp(63,66): warning C4244: "argument": konwersja z "float" do "_Ty", możliwa utrata danych
C:\Users\matib\source\repos\GITHUB\Programowanie\Vendos\Vendos\ThrowedItem.cpp(63,66): warning C4244:         with
C:\Users\matib\source\repos\GITHUB\Programowanie\Vendos\Vendos\ThrowedItem.cpp(63,66): warning C4244:         [
C:\Users\matib\source\repos\GITHUB\Programowanie\Vendos\Vendos\ThrowedItem.cpp(63,66): warning C4244:             _Ty=int
C:\Users\matib\source\repos\GITHUB\Programowanie\Vendos\Vendos\ThrowedItem.cpp(63,66): warning C4244:         ]
C:\Users\matib\source\repos\GITHUB\Programowanie\Vendos\Vendos\ThrowedItem.cpp(66,14): warning C4244: "=": konwersja z "int" do "float", możliwa utrata danych
C:\Users\matib\source\repos\GITHUB\Programowanie\Vendos\Vendos\ThrowedItem.cpp(67,13): warning C4244: "=": konwersja z "int" do "float", możliwa utrata danych
C:\Users\matib\source\repos\GITHUB\Programowanie\Vendos\Vendos\ThrowedItem.cpp(121,27): warning C4244: "=": konwersja z "double" do "T", możliwa utrata danych
C:\Users\matib\source\repos\GITHUB\Programowanie\Vendos\Vendos\ThrowedItem.cpp(121,27): warning C4244:         with
C:\Users\matib\source\repos\GITHUB\Programowanie\Vendos\Vendos\ThrowedItem.cpp(121,27): warning C4244:         [
C:\Users\matib\source\repos\GITHUB\Programowanie\Vendos\Vendos\ThrowedItem.cpp(121,27): warning C4244:             T=float
C:\Users\matib\source\repos\GITHUB\Programowanie\Vendos\Vendos\ThrowedItem.cpp(121,27): warning C4244:         ]
C:\Users\matib\source\repos\GITHUB\Programowanie\Vendos\Vendos\ThrowedItem.cpp(122,27): warning C4244: "=": konwersja z "double" do "T", możliwa utrata danych
C:\Users\matib\source\repos\GITHUB\Programowanie\Vendos\Vendos\ThrowedItem.cpp(122,27): warning C4244:         with
C:\Users\matib\source\repos\GITHUB\Programowanie\Vendos\Vendos\ThrowedItem.cpp(122,27): warning C4244:         [
C:\Users\matib\source\repos\GITHUB\Programowanie\Vendos\Vendos\ThrowedItem.cpp(122,27): warning C4244:             T=float
C:\Users\matib\source\repos\GITHUB\Programowanie\Vendos\Vendos\ThrowedItem.cpp(122,27): warning C4244:         ]
C:\Users\matib\source\repos\GITHUB\Programowanie\Vendos\Vendos\ThrowedItem.cpp(145,78): warning C4244: "=": konwersja z "double" do "T", możliwa utrata danych
C:\Users\matib\source\repos\GITHUB\Programowanie\Vendos\Vendos\ThrowedItem.cpp(145,78): warning C4244:         with
C:\Users\matib\source\repos\GITHUB\Programowanie\Vendos\Vendos\ThrowedItem.cpp(145,78): warning C4244:         [
C:\Users\matib\source\repos\GITHUB\Programowanie\Vendos\Vendos\ThrowedItem.cpp(145,78): warning C4244:             T=float
C:\Users\matib\source\repos\GITHUB\Programowanie\Vendos\Vendos\ThrowedItem.cpp(145,78): warning C4244:         ]
C:\Users\matib\source\repos\GITHUB\Programowanie\Vendos\Vendos\ThrowedItem.cpp(210,23): warning C4244: "=": konwersja z "double" do "float", możliwa utrata danych
  ThrownItems.cpp
C:\Users\matib\source\repos\GITHUB\Programowanie\Vendos\Vendos\ThrowedItem.h(38,45): warning C4244: "inicjowanie": konwersja z "double" do "const float", możliwa utrata danych
  (kompilowanie pliku źródłowego „ThrownItems.cpp”)
  
C:\Users\matib\source\repos\GITHUB\Programowanie\Vendos\Vendos\ThrowedItem.h(39,45): warning C4244: "inicjowanie": konwersja z "double" do "const float", możliwa utrata danych
  (kompilowanie pliku źródłowego „ThrownItems.cpp”)
  
  TilesByItemsManagement.cpp
  TilesManagement.cpp
  item.cpp
  Generowanie kodu...
C:\Users\matib\source\repos\GITHUB\Programowanie\Vendos\Vendos\item.cpp(28,1): warning C4172: zwracanie adresu lokalnej zmiennej lub tymczasowej 
C:\Users\matib\source\repos\GITHUB\Programowanie\Vendos\Vendos\ThrownItems.cpp(98,1): warning C4715: "`ThrownItems::update'::`5'::<lambda_1>::operator()<ThrowedItem *>”: niewszystkie ścieżki kodu zwracają wartość
C:\Users\matib\source\repos\GITHUB\Programowanie\Vendos\Vendos\Entity.cpp(104,1): warning C4715: "Entity::checkIfBackGroundMoveable”: niewszystkie ścieżki kodu zwracają wartość
  Trwa kompilowanie...
  itemAndItsPosition.cpp
  Generowanie kodu...
  Vendos.vcxproj -> C:\Users\matib\source\repos\GITHUB\Programowanie\Vendos\x64\Debug\Vendos.exe
